// Jest Snapshot v1, https://goo.gl/fbAQLP

exports[`snapshot testing snapshot for period chart component 1`] = `
<g
  className="period-chart"
/>
`;
