// Jest Snapshot v1, https://goo.gl/fbAQLP

exports[`snapshot testing snapshot for sunrise chart component 1`] = `
<g
  className="sunrise-chart"
/>
`;
