// Jest Snapshot v1, https://goo.gl/fbAQLP

exports[`snapshot testing snapshot for sunset chart component 1`] = `
<g
  className="sunset-chart"
/>
`;
